// Jest Snapshot v1, https://goo.gl/fbAQLP

exports[`<Login /> it should render nothing when the user is not set 1`] = `
<View
  style={
    Object {
      "flex": 1,
      "justifyContent": "space-between",
    }
  }
>
  <View
    onLayout={[Function]}
    style={
      Array [
        Object {
          "flex": 1,
          "justifyContent": "space-between",
        },
        Object {
          "paddingBottom": 0,
        },
      ]
    }
  >
    <View
      style={
        Object {
          "alignSelf": "center",
          "flex": 1,
          "justifyContent": "center",
          "width": "80%",
        }
      }
    >
      <Text
        style={
          Object {
            "alignSelf": "center",
            "fontSize": 42,
            "fontWeight": "bold",
            "marginBottom": 22,
          }
        }
        theme={
          Object {
            "colors": Object {
              "disabled": "hsl(208, 8%, 90%)",
              "divider": "#bcbbc1",
              "error": "#ff190c",
              "grey0": "#393e42",
              "grey1": "#43484d",
              "grey2": "#5e6977",
              "grey3": "#86939e",
              "grey4": "#bdc6cf",
              "grey5": "#e1e8ee",
              "greyOutline": "#bbb",
              "platform": Object {
                "android": Object {
                  "error": "#f44336",
                  "primary": "#2196f3",
                  "secondary": "#9C27B0",
                  "success": "#4caf50",
                  "warning": "#ffeb3b",
                },
                "ios": Object {
                  "error": "#ff3b30",
                  "primary": "#007aff",
                  "secondary": "#5856d6",
                  "success": "#4cd964",
                  "warning": "#ffcc00",
                },
              },
              "primary": "#2089dc",
              "searchBg": "#303337",
              "secondary": "#8F0CE8",
              "success": "#52c41a",
              "warning": "#faad14",
            },
          }
        }
      >
        AppV
      </Text>
      <View
        style={
          Object {
            "marginBottom": 22,
            "paddingHorizontal": 10,
            "width": "100%",
          }
        }
      >
        <View
          style={
            Object {
              "alignItems": "center",
              "borderBottomWidth": 1,
              "borderColor": "#86939e",
              "flexDirection": "row",
              "transform": Array [
                Object {
                  "translateX": 0,
                },
              ],
            }
          }
        >
          <TextInput
            allowFontScaling={true}
            editable={true}
            placeholder="Usuario"
            rejectResponderTermination={true}
            style={
              Object {
                "alignSelf": "center",
                "color": "black",
                "flex": 1,
                "fontSize": 18,
                "minHeight": 40,
              }
            }
            testID="RNE__Input__text-input"
            underlineColorAndroid="transparent"
          />
        </View>
      </View>
      <View
        style={
          Object {
            "marginBottom": 22,
            "paddingHorizontal": 10,
            "width": "100%",
          }
        }
      >
        <View
          style={
            Object {
              "alignItems": "center",
              "borderBottomWidth": 1,
              "borderColor": "#86939e",
              "flexDirection": "row",
              "transform": Array [
                Object {
                  "translateX": 0,
                },
              ],
            }
          }
        >
          <TextInput
            allowFontScaling={true}
            editable={true}
            placeholder="ContraseÃ±a"
            rejectResponderTermination={true}
            style={
              Object {
                "alignSelf": "center",
                "color": "black",
                "flex": 1,
                "fontSize": 18,
                "minHeight": 40,
              }
            }
            testID="RNE__Input__text-input"
            underlineColorAndroid="transparent"
          />
        </View>
      </View>
      <View
        style={
          Object {
            "borderRadius": 3,
            "paddingTop": 12,
            "width": "100%",
          }
        }
      >
        <View
          accessible={true}
          focusable={true}
          isTVSelectable={true}
          onClick={[Function]}
          onResponderGrant={[Function]}
          onResponderMove={[Function]}
          onResponderRelease={[Function]}
          onResponderTerminate={[Function]}
          onResponderTerminationRequest={[Function]}
          onStartShouldSetResponder={[Function]}
          style={
            Object {
              "opacity": 1,
            }
          }
        >
          <View
            style={
              Object {
                "alignItems": "center",
                "backgroundColor": "#2089dc",
                "borderColor": "#2089dc",
                "borderRadius": 3,
                "borderWidth": 0,
                "flexDirection": "row",
                "justifyContent": "center",
                "padding": 8,
              }
            }
          >
            <Text
              style={
                Object {
                  "color": "white",
                  "fontSize": 18,
                  "paddingBottom": 1,
                  "paddingTop": 2,
                  "textAlign": "center",
                }
              }
            >
              Ingresar
            </Text>
          </View>
        </View>
      </View>
      <RNGestureHandlerButton
        collapsable={false}
        onGestureEvent={[Function]}
        onGestureHandlerEvent={[Function]}
        onGestureHandlerStateChange={[Function]}
        onHandlerStateChange={[Function]}
        rippleColor={0}
        style={
          Array [
            Object {
              "overflow": "hidden",
            },
            undefined,
          ]
        }
      >
        <View
          accessible={true}
          style={
            Object {
              "alignSelf": "flex-end",
              "marginTop": 22,
              "opacity": 1,
            }
          }
        >
          <Text
            style={Object {}}
            theme={
              Object {
                "colors": Object {
                  "disabled": "hsl(208, 8%, 90%)",
                  "divider": "#bcbbc1",
                  "error": "#ff190c",
                  "grey0": "#393e42",
                  "grey1": "#43484d",
                  "grey2": "#5e6977",
                  "grey3": "#86939e",
                  "grey4": "#bdc6cf",
                  "grey5": "#e1e8ee",
                  "greyOutline": "#bbb",
                  "platform": Object {
                    "android": Object {
                      "error": "#f44336",
                      "primary": "#2196f3",
                      "secondary": "#9C27B0",
                      "success": "#4caf50",
                      "warning": "#ffeb3b",
                    },
                    "ios": Object {
                      "error": "#ff3b30",
                      "primary": "#007aff",
                      "secondary": "#5856d6",
                      "success": "#4cd964",
                      "warning": "#ffcc00",
                    },
                  },
                  "primary": "#2089dc",
                  "searchBg": "#303337",
                  "secondary": "#8F0CE8",
                  "success": "#52c41a",
                  "warning": "#faad14",
                },
              }
            }
          >
            Ingresar como invitado
          </Text>
        </View>
      </RNGestureHandlerButton>
    </View>
  </View>
</View>
`;
